/jre/17.0.4.1-linux-x86_64/lib/libjava.so
7fd2c0986000-7fd2c0987                   /home/kiranmu 00026000 00:2d 245548          igravity/extensions/redhat.java-nux-x86_64/lib/libjava.so
7fd2c0undy/.antigravity/extensions/reddy/.antigravity/extensions/redhaent.so
7fd2c0991000-7fd2c0994000/.antigravity/extensions/redhat.              /home/kiranmundy/.nsions/redhat.java-1.12.0-linux-image.so
7fd2c09b5000-7fd2c09b60p 00000000 00:2d 132709         9                     /usr/lib/x   /usr/lib/x86_64-linux-gnu/lib                /usr/lib/x86_64--7fd2c0b8e000 r--p 0017c000 00:2r/lib/x86_64-linux-gnu/libc.so.6          /usr/lib/x86_64-linux-x86_64-linux-gnu/libc.so.6
7fd2c00 00:00 0 
7fd2c0ba1000-7fd2c0ba2000 r--p 00000000 00:2d 132697fd2c0ba7000 r--p 00000000 00:2d lib/x86_64-linux-gnu/libpthread.so.0
7fd2c0ba7000-7fd2c0ba8000 r              /usr/lib/x86_64-li8000-7fd2c0ba9000 r--p 00002000  /usr/lib/x86_64-linux-gnu/libpt_64-linux-gnu/libpthread.so.0
7f       /usr/lib/x86_64-linux-gnud2c0bae000 r--p 00000000 00:2d 245553                     /home/jre/17.0.4.1-linux-x86_64/lib/lifd2c0bb8000-7fd2c0bbb000 r--p 00avity/extensions/redhat.java-1.1:2d 245553                     /a-1.12.0-linux-x64/jre/17.0.4.1-0bbe000-7fd2c0bc1000 r--p 000000    /usr/lib/x86_64-linux-gnu/libd4000 r-xp 00003000 00:2d 5166         /usr/lib/x86_64-linux-gnu/libz.so.1.2.13
7fd2c0bdb000-7f166                       /usr/l13
7fd2c0bdc000-7fd2c0bdd000 rw-            /usr/lib/x86_64-linu0-7fd2c0be0000 r--p 00000000 00:ome/kiranmundy/.antigravity/extex64/jre/17.0.4.1-linux-x86_64/li7fd2c0be1000 r-xp 00003000 00:2de/kiranmundy/.antigravity/extens4/jre/17.0.4.1-linux-x86_64/lib/d2c0be2000 r--p 00004000 00:2d 2kiranmundy/.antigravity/extensio/redhat.java-1.12.0-linux-x64/jr17.0.4.1-linux-x86_64/lib/libmanagement.so
7fd2c0be4000-7fd2c0be5000 ---p 00000000 00:00 0 
7fd2c0be5000-7fd2c0be6000 r--p 00000000 00:00 0 
7fd2c0be6000-7fd2c0be7000 ---p 00000000 00:00 0 
7fd2c0be7000-7fd2c0be9000 rw-p 00000000 00:00 0 
7fd2c0be9000-7fd2c0bea000 r--p 00000000 00:2d 132692                     /usr/lib     bool SegmentedCodeCache                       = true                                      {product} {ergonomic}
   size_t SoftMaxHeapSize                          = 1073741824                             {manageable} {ergonomic}
     bool UseCompressedClassPointers               = true                           {product lp64_product} {ergonomic}
     bool UseCompressedOops                        = true                           {product lp64_product} {ergonomic}
     bool UseParallelGC                            = true                                      {product} {command line}

Logging:
Log output configuration:
 #0: stdout all=off uptime,level,tags
 #1: stderr all=off uptime,level,tags

Environment Variables:
PATH=/home/kiranmundy/Flutter/flutter/bin:/usr/local/bin:/usr/bin:/bin:/usr/local/games:/usr/games:/snap/bin
SHELL=/bin/bash
DISPLAY=:0
LANG=en_US.UTF-8

Signal Handlers:
   SIGSEGV: crash_handler in libjvm.so, mask=11100100010111111101111111111110, flags=SA_RESTART|SA_SIGINFO
    SIGBUS: crash_handler in libjvm.so, mask=11100100010111111101111111111110, flags=SA_RESTART|SA_SIGINFO
    SIGFPE: crash_handler in libjvm.so, mask=11100100010111111101111111111110, flags=SA_RESTART|SA_SIGINFO
   SIGPIPE: javaSignalHandler in libjvm.so, mask=11100100010111111101111111111110, flags=SA_RESTART|SA_SIGINFO
   SIGXFSZ: javaSignalHandler in libjvm.so, mask=11100100010111111101111111111110, flags=SA_RESTART|SA_SIGINFO
    SIGILL: crash_handler in libjvm.so, mask=11100100010111111101111111111110, flags=SA_RESTART|SA_SIGINFO
   SIGUSR2: SR_handler in libjvm.so, mask=00000000000000000000000000000000, flags=SA_RESTART|SA_SIGINFO
    SIGHUP: UserHandler in libjvm.so, mask=11100100010111111101111111111110, flags=SA_RESTART|SA_SIGINFO
    SIGINT: UserHandler in libjvm.so, mask=11100100010111111101111111111110, flags=SA_RESTART|SA_SIGINFO
   SIGTERM: UserHandler in libjvm.so, mask=11100100010111111101111111111110, flags=SA_RESTART|SA_SIGINFO
   SIGQUIT: UserHandler in libjvm.so, mask=11100100010111111101111111111110, flags=SA_RESTART|SA_SIGINFO
  *** Handler was modified!
  *** Expected: javaSignalHandler in libjvm.so, mask=11100100110111111111111111111110, flags=SA_RESTART|SA_SIGINFO
   SIGTRAP: crash_handler in libjvm.so, mask=11100100010111111101111111111110, flags=SA_RESTART|SA_SIGINFO


---------------  S Y S T E M  ---------------

OS:
PRETTY_NAME="Debian GNU/Linux 12 (bookworm)"
NAME="Debian GNU/Linux"
VERSION_ID="12"
VERSION="12 (bookworm)"
VERSION_CODENAME=bookworm
ID=debian
HOME_URL="https://www.debian.org/"
SUPPORT_URL="https://www.debian.org/support"
BUG_REPORT_URL="https://bugs.debian.org/"
uname: Linux 6.6.99-09000-gd3ae1caecf39 #1 SMP PREEMPT_DYNAMIC Thu, 27 Nov 2025 21:00:42 -0800 x86_64
OS uptime: 0 days 0:53 hours
libc: glibc 2.36 NPTL 2.36 
rlimit (soft/hard): STACK 8192k/infinity , CORE 0k/infinity , NPROC 25869/25869 , NOFILE 1048576/1048576 , AS infinity/infinity , CPU infinity/infinity , DATA infinity/infinity , FSIZE infinity/infinity , MEMLOCK infinity/infinity
load average: 6.40 2.97 1.50

/proc/meminfo:
MemTotal:        6625072 kB
MemFree:         1480008 kB
MemAvailable:    2897244 kB
Buffers:               0 kB
Cached:          1417236 kB
SwapCached:            0 kB
Active:          4444456 kB
Inactive:         580832 kB
Active(anon):    3713220 kB
Inactive(anon):        0 kB
Active(file):     731236 kB
Inactive(file):   580832 kB
Unevictable:           0 kB
Mlocked:               0 kB
SwapTotal:             0 kB
SwapFree:              0 kB
Dirty:                28 kB
Writeback:             0 kB
AnonPages:       3608076 kB
Mapped:           294540 kB
Shmem:            105144 kB
KReclaimable:      84668 kB
Slab:                  0 kB
SReclaimable:          0 kB
SUnreclaim:            0 kB
KernelStack:       12672 kB
PageTables:        29880 kB
SecPageTables:         0 kB
NFS_Unstable:          0 kB
Bounce:                0 kB
WritebackTmp:          0 kB
CommitLimit:     3312536 kB
Committed_AS:   13435364 kB
VmallocTotal:   34359738367 kB
VmallocUsed:       14044 kB
VmallocChunk:          0 kB
Percpu:             3200 kB
AnonHugePages:         0 kB
ShmemHugePages:        0 kB
ShmemPmdMapped:        0 kB
FileHugePages:         0 kB
FilePmdMapped:         0 kB
HugePages_Total:       0
HugePages_Free:        0
HugePages_Rsvd:        0
HugePages_Surp:        0
Hugepagesize:       2048 kB
Hugetlb:               0 kB
DirectMap4k:       62464 kB
DirectMap2M:     6791168 kB
DirectMap1G:     1048576 kB

/sys/kernel/mm/transparent_hugepage/enabled: always madvise [never]
/sys/kernel/mm/transparent_hugepage/defrag (defrag/compaction efforts parameter): always defer defer+madvise [madvise] never

Process Memory:
Virtual Size: 6023296K (peak: 6023296K)
Resident Set Size: 260184K (peak: 273048K) (anon: 236348K, file: 23836K, shmem: 0K)
Swapped out: 0K
C-Heap outstanding allocations: 81943K, retained: 43948K
glibc malloc tunables: (default)
/proc/sys/kernel/threads-max (system-wide limit on the number of threads): 51739
/proc/sys/vm/max_map_count (maximum number of memory map areas a process may have): 262144
/proc/sys/kernel/pid_max (system-wide limit on number of process identifiers): 32768

container (cgroup) information:
cpu_cpuset_cpus: 0-7
cpu_memory_nodes: 0
active_processor_count: 8
cpu_quota: no quota
cpu_period: 100000
cpu_shares: no shares
memory_limit_in_bytes: unlimited
unlimited
memory_soft_limit_in_bytes: memory_usage_in_bytes: 5058916 k
memory_max_usage_in_bytes: maximum number of tasks: unlimited
491

KVM virtualization detected
Steal ticks percentage since vm start:  0.000

CPU: total 8 (initial active 8)

Online cpus: 
<Not Available>
Frequency switch latency (ns): Available cpu frequencies: Current governor: <Not Available>
Core performance/turbo boost: 
Memory:(71316k free), swap 0k(0k free)

